{
  "version": "1.5.0",
  "plugins_used": [
    {
      "name": "ArtifactoryDetector"
    },
    {
      "name": "AWSKeyDetector"
    },
    {
      "name": "AzureStorageKeyDetector"
    },
    {
      "name": "Base64HighEntropyString",
      "limit": 4.5
    },
    {
      "name": "BasicAuthDetector"
    },
    {
      "name": "CloudantDetector"
    },
    {
      "name": "DiscordBotTokenDetector"
    },
    {
      "name": "GitHubTokenDetector"
    },
    {
      "name": "GitLabTokenDetector"
    },
    {
      "name": "HexHighEntropyString",
      "limit": 3.0
    },
    {
      "name": "IbmCloudIamDetector"
    },
    {
      "name": "IbmCosHmacDetector"
    },
    {
      "name": "IPPublicDetector"
    },
    {
      "name": "JwtTokenDetector"
    },
    {
      "name": "KeywordDetector",
      "keyword_exclude": ""
    },
    {
      "name": "MailchimpDetector"
    },
    {
      "name": "NpmDetector"
    },
    {
      "name": "OpenAIDetector"
    },
    {
      "name": "PrivateKeyDetector"
    },
    {
      "name": "PypiTokenDetector"
    },
    {
      "name": "SendGridDetector"
    },
    {
      "name": "SlackDetector"
    },
    {
      "name": "SoftlayerDetector"
    },
    {
      "name": "SquareOAuthDetector"
    },
    {
      "name": "StripeDetector"
    },
    {
      "name": "TelegramBotTokenDetector"
    },
    {
      "name": "TwilioKeyDetector"
    }
  ],
  "filters_used": [
    {
      "path": "detect_secrets.filters.allowlist.is_line_allowlisted"
    },
    {
      "path": "detect_secrets.filters.common.is_ignored_due_to_verification_policies",
      "min_level": 2
    },
    {
      "path": "detect_secrets.filters.heuristic.is_indirect_reference"
    },
    {
      "path": "detect_secrets.filters.heuristic.is_likely_id_string"
    },
    {
      "path": "detect_secrets.filters.heuristic.is_lock_file"
    },
    {
      "path": "detect_secrets.filters.heuristic.is_not_alphanumeric_string"
    },
    {
      "path": "detect_secrets.filters.heuristic.is_potential_uuid"
    },
    {
      "path": "detect_secrets.filters.heuristic.is_prefixed_with_dollar_sign"
    },
    {
      "path": "detect_secrets.filters.heuristic.is_sequential_string"
    },
    {
      "path": "detect_secrets.filters.heuristic.is_swagger_file"
    },
    {
      "path": "detect_secrets.filters.heuristic.is_templated_secret"
    }
  ],
  "results": {
    "anythingllm\\.env": [
      {
        "type": "Hex High Entropy String",
        "filename": "anythingllm\\.env",
        "hashed_secret": "d378dd4acb0457620e2b4bf78bf858993bf7768f",
        "is_verified": false,
        "line_number": 4
      },
      {
        "type": "Hex High Entropy String",
        "filename": "anythingllm\\.env",
        "hashed_secret": "350bb59e2839ab6b2937683c760882e7e3c86fc8",
        "is_verified": false,
        "line_number": 5
      },
      {
        "type": "Secret Keyword",
        "filename": "anythingllm\\.env",
        "hashed_secret": "ec611c6e209c7329f9f2e0efa2ba7e9feb148d81",
        "is_verified": false,
        "line_number": 14
      },
      {
        "type": "Secret Keyword",
        "filename": "anythingllm\\.env",
        "hashed_secret": "79697bbd9be06ae4b9bb3da562e92bb6b317987e",
        "is_verified": false,
        "line_number": 46
      },
      {
        "type": "Secret Keyword",
        "filename": "anythingllm\\.env",
        "hashed_secret": "c14a0254391da497fcc0f68d8236b5148132875c",
        "is_verified": false,
        "line_number": 54
      },
      {
        "type": "Secret Keyword",
        "filename": "anythingllm\\.env",
        "hashed_secret": "3a7837e94603be61ae84856c0a421f8b5df2fd03",
        "is_verified": false,
        "line_number": 58
      },
      {
        "type": "Secret Keyword",
        "filename": "anythingllm\\.env",
        "hashed_secret": "71f725149a199d99b3c71bd27475aed48c3d37fa",
        "is_verified": false,
        "line_number": 62
      },
      {
        "type": "Secret Keyword",
        "filename": "anythingllm\\.env",
        "hashed_secret": "0bd91aa8d6f2a4cb00cac7f6acfb39ae83c11b7a",
        "is_verified": false,
        "line_number": 66
      },
      {
        "type": "Secret Keyword",
        "filename": "anythingllm\\.env",
        "hashed_secret": "fba148b9a2a93f89ff43455eb583c7c4b4eb1aab",
        "is_verified": false,
        "line_number": 101
      },
      {
        "type": "Secret Keyword",
        "filename": "anythingllm\\.env",
        "hashed_secret": "e69dbcd2cb0e00abb9f2dc356eaa02a06144cafc",
        "is_verified": false,
        "line_number": 116
      },
      {
        "type": "Secret Keyword",
        "filename": "anythingllm\\.env",
        "hashed_secret": "9a3a077857db2e7416f5bcac26912170fc8afa25",
        "is_verified": false,
        "line_number": 124
      }
    ],
    "anythingllm\\anythingllm.txt": [
      {
        "type": "Secret Keyword",
        "filename": "anythingllm\\anythingllm.txt",
        "hashed_secret": "9d57b2151ce1549e5e6a7e849d94acceb7178000",
        "is_verified": false,
        "line_number": 18
      }
    ],
    "anythingllm\\comkey\\ipc-priv.pem": [
      {
        "type": "Private Key",
        "filename": "anythingllm\\comkey\\ipc-priv.pem",
        "hashed_secret": "be4fc4886bd949b369d5e092eb87494f12e57e5b",
        "is_verified": false,
        "line_number": 1
      }
    ]
  },
  "generated_at": "2024-11-24T09:17:15Z"
}
